// Jest Snapshot v1, https://goo.gl/fbAQLP

exports[`it displays a loading indicator and dispatches the action if entity was not yet loaded 1`] = `
<View
  style={
    Object {
      "alignItems": "center",
      "bottom": 0,
      "justifyContent": "center",
      "left": 0,
      "position": "absolute",
      "right": 0,
      "top": 0,
    }
  }
>
  <ActivityIndicator
    animating={true}
    color="#fff"
    hidesWhenStopped={true}
    size="small"
  />
</View>
`;

exports[`it renders the component with the right property 1`] = `
<Text>
  Samuel Roze
</Text>
`;
